{
  "com.antkorwin.springtestmongoexamples.model.Task": [
    {
      "title": "black magic",
      "estimate": "groovy: (1..7).sum()"
    }
  ]
}