{
  "com.antkorwin.springtestmongoexamples.model.Task": [
  ]
}